// Vitest Snapshot v1, https://vitest.dev/guide/snapshot.html

exports[`Header component > Checks snapshot 1`] = `
<div>
  <header
    class="sc-beqWNU hsiGrh"
  >
    <h1
      class="sc-gueXAH kCxaKJ"
    >
      Chat Without Boundaries
    </h1>
    <a
      href="/login"
    >
      <button
        class="sc-dmqGRC jRohbh"
      >
        Login
      </button>
    </a>
    <a
      href="/register"
    >
      <button
        class="sc-dmqGRC jRohbh"
      >
        Register
      </button>
    </a>
  </header>
</div>
`;
