// Vitest Snapshot v1, https://vitest.dev/guide/snapshot.html

exports[`ProfilePage Component > Renders Profile page properly 1`] = `
<div>
  <div
    class="sc-iAEzLF ikFkrg"
  >
    <div
      class="sc-beqWNU ceBucd"
    >
      <img
        alt="avatar"
        class="sc-gueXAH ivoMqK"
        src="#"
      />
      <p
        class="sc-dmqGRC cBaAVu"
      >
        Karol
      </p>
    </div>
    <div
      class="sc-hLseSp cuzUdV"
    >
      <div
        class="sc-eDDOjk bBRgum"
      >
        <span
          class="sc-jTrOVX ha-dZIX"
        >
          Username:
        </span>
        <span
          class="sc-gLDymS gUZinN"
        >
          Karol
        </span>
      </div>
      <div
        class="sc-eDDOjk bBRgum"
      >
        <span
          class="sc-jTrOVX ha-dZIX"
        >
          Full Name:
        </span>
        <span
          class="sc-gLDymS gUZinN"
        >
          Karol Pulawski
        </span>
      </div>
      <div
        class="sc-eDDOjk bBRgum"
      >
        <span
          class="sc-jTrOVX ha-dZIX"
        >
          Bio:
        </span>
        <span
          class="sc-gLDymS gUZinN"
        >
          My very interesting bio
        </span>
      </div>
      <div
        class="sc-eDDOjk bBRgum"
      >
        <span
          class="sc-jTrOVX ha-dZIX"
        >
          Role:
        </span>
        <span
          class="sc-gLDymS gUZinN"
        />
      </div>
      <div
        class="sc-eDDOjk bBRgum"
      >
        <span
          class="sc-jTrOVX ha-dZIX"
        >
          Last Active:
        </span>
        <span
          class="sc-gLDymS gUZinN"
        >
          Invalid Date
        </span>
      </div>
      <div
        class="sc-eDDOjk bBRgum"
      >
        <span
          class="sc-jTrOVX ha-dZIX"
        >
          Account Created:
        </span>
        <span
          class="sc-gLDymS gUZinN"
        >
          Invalid Date
        </span>
      </div>
    </div>
    <a
      class="sc-fsQjcA ldzKiz"
      href="/edit"
    >
      Edit Profile
    </a>
  </div>
</div>
`;
